=== ДО ПРАВКИ ===

&nbsp; ВСЕГО: 57
на&nbsp;: 0
об&nbsp;: 0
от&nbsp;: 0
до&nbsp;: 0
по&nbsp;: 0
из&nbsp;: 0
за&nbsp;: 0
но&nbsp;: 0
при&nbsp;: 0
как&nbsp;: 0
Что&nbsp;: 0
Павел&nbsp;: 0
ё: 0

nbsp после слов из 2+ букв (нарушения): 0

к.&nbsp;ф.&nbsp;н.: 10
н.&nbsp;с.: 5
KLBLOCK: 1

=== ПОСЛЕ ПРАВКИ ===

&nbsp; ВСЕГО: 57
на&nbsp;: 0
об&nbsp;: 0
Что&nbsp;: 0
Павел&nbsp;: 0
ё: 0
nbsp после слов из 2+ букв (нарушения): 0
к.&nbsp;ф.&nbsp;н.: 10
н.&nbsp;с.: 5
KLBLOCK: 1
«: 30
»: 30
—: 26
–: 8
-: 36

