=== ИСХОДНИК (файл на диске) ===
&nbsp; ВСЕГО: 57
на&nbsp;: 0
об&nbsp;: 0
Что&nbsp;: 0
Павел&nbsp;: 0
Денис&nbsp;: 0
Владислав&nbsp;: 0
Родион&nbsp;: 0
ё: 0
nbsp после слов из 2+ букв (нарушения): 0

к.&nbsp;ф.&nbsp;н.: 10
н.&nbsp;с.: 5
KLBLOCK: 1

ПРАВКА 1: убраны <br> в конце строк; <br> осталось: 0

  ПРОВЕРКА nbsp после слов из 2+ букв ПОСЛЕ правки 1: 0

ПРАВКА 2: nbsp перед «—». Проверка:
  &nbsp;— (правильно): 26
  —&nbsp; (нарушение, после тире nbsp): 0
  обычный пробел перед — (должно быть 0): 0

ПРАВКА 3: раздел 5 найден (с 5427)
  К.ф.н. в разделе 5 до: 3
  к.&nbsp;ф.&nbsp;н. в разделе 5 до: 4
  н.&nbsp;с. в разделе 5 до: 3
  После: кандидат филологических наук: 8
  После: научный сотрудник: 4
  Осталось к.&nbsp;ф.&nbsp;н. в разделе 5: 0
  Осталось н.&nbsp;с. в разделе 5: 0
  (в описании СОБЫТИЯ сокращения НЕ трогаем — они в разделе 1/опис.)

ПРАВКА 4: ё нет (0) — ок

ПРАВКА 6 (контроль):
  «ёлочек» нач/кон: 30/30
  „лапок“: 0
  KLBLOCK: 1
  ё: 0
  nbsp после слов из 2+ букв (нарушения, финал): 0

