=== АУДИТ description.md (TP-4201530) ===
длина: 6920

nbsp ВСЕГО: 91
  [1193] ...6:00<br> Презентация и&nbsp;обсуждение книги...
  [1233] ...ниги Карлоса Орси «Что&nbsp;говорит наука об...
  [1255] ...&nbsp;говорит наука об&nbsp;астрологии»<br> ...
  [1290] ...гии»<br> Презентация и&nbsp;обсуждение книги...
  [1330] ...ниги Карлоса Орси «Что&nbsp;говорит наука об...
  [1352] ...&nbsp;говорит наука об&nbsp;астрологии»<br> ...
  [1377] ...sp;астрологии»<br> Что&nbsp;говорит наука об...
  [1399] ...&nbsp;говорит наука об&nbsp;астрологии<br> —...
  [1437] ...<br> —<br> Суббота, 26&nbsp;сентября 2026&nb...
  [1456] ... 26&nbsp;сентября 2026&nbsp;года, 16:00–17:3...
  [1654] ...+<br> Москва, Газетный&nbsp;пер., д.&nbsp;3-...
  [1668] ...Газетный&nbsp;пер., д.&nbsp;3-5, стр.&nbsp;1...
  [1683] ...ер., д.&nbsp;3-5, стр.&nbsp;1  ## 3. Текст о...
  [3208] ...ии: *Денис Сивков*, к.&nbsp;ф.&nbsp;н., доце...
  [3216] ...ис Сивков*, к.&nbsp;ф.&nbsp;н., доцент ИОН Р...
  [3318] ...дислав Шапошников*, к.&nbsp;ф.&nbsp;н., доце...
  [3326] ...апошников*, к.&nbsp;ф.&nbsp;н., доцент МГУ; ...
  [3368] ...; *Родион Карнеев*, к.&nbsp;ф.&nbsp;н., н.&n...
  [3376] ...н Карнеев*, к.&nbsp;ф.&nbsp;н., н.&nbsp;с. И...
  [3388] ...к.&nbsp;ф.&nbsp;н., н.&nbsp;с. ИФ РАН.  ## 4...
  [3488] ..."small"><b>Суббота, 26&nbsp;сентября 2026&nb...
  [3507] ... 26&nbsp;сентября 2026&nbsp;года, 16:00–17:3...
  [3590] ...></p> <p>Презентация и&nbsp;обсуждение книги...
  [3640] ...>Карлоса Орси</i> «Что&nbsp;говорит наука об...
  [3662] ...&nbsp;говорит наука об&nbsp;астрологии»</b>....
  [3756] ...e class="small"> <p>26&nbsp;сентября в&nbsp;...
  [3772] ... <p>26&nbsp;сентября в&nbsp;16.00 в&nbsp;«Би...
  [3785] ...ентября в&nbsp;16.00 в&nbsp;«Библиотеке на Г...
  [3908] ...лоса Орси</b></i> «Что&nbsp;говорит наука об...
  [3930] ...&nbsp;говорит наука об&nbsp;астрологии», кот...
  [3972] ...оторая вышла недавно в&nbsp;Издательстве Инс...
  [4037] ...>Карлос Орси</b></i> в&nbsp;своей книге не&n...
  [4057] ... в&nbsp;своей книге не&nbsp;только и&nbsp;не...
  [4071] ...книге не&nbsp;только и&nbsp;не&nbsp;столько ...
  [4079] ...&nbsp;только и&nbsp;не&nbsp;столько очередно...
  [4119] ...едной раз указывает на&nbsp;псевдонаучность ...
  [4155] ...учность астрологии, но&nbsp;замечает обратну...
  [4204] ...рону отношений науки в&nbsp;нынешнем нашем п...
  [4238] ...ем нашем понимании — и&nbsp;астрологии. Знач...
  [4312] ... истории астрологии, а&nbsp;остальная часть ...
  [4343] ...альная часть тому, как&nbsp;и&nbsp;почему ас...
  [4350] ...часть тому, как&nbsp;и&nbsp;почему астрологи...
  [4389] ...ологический проект как&nbsp;научный метод — ...
  [4425] ...метод — провалился, но&nbsp;при&nbsp;этом — ...
  [4434] ...ровалился, но&nbsp;при&nbsp;этом — в&nbsp;че...
  [4448] ...nbsp;при&nbsp;этом — в&nbsp;чем причина его ...
  [4493] ...спешной иллюзорности и&nbsp;роста популярнос...
  [4522] ...оста популярности, как&nbsp;например астроло...
  [4549] ...;например астрология в&nbsp;своей самой попу...
  [4596] ...ной форме — газетных и&nbsp;журнальных горос...
  [4666] ...траненные стереотипы и&nbsp;предрассудки о&n...
  [4686] ... и&nbsp;предрассудки о&nbsp;поле, расе и&nbs...
  [4704] ...ки о&nbsp;поле, расе и&nbsp;классе и&nbsp;пр...
  [4718] ..., расе и&nbsp;классе и&nbsp;пр. В&nbsp;целом...
  [4729] ...sp;классе и&nbsp;пр. В&nbsp;целом&nbsp;же ав...
  [4740] ...&nbsp;пр. В&nbsp;целом&nbsp;же автор предлаг...
  [4778] ...редлагает взглянуть на&nbsp;астрологию как&n...
  [4798] ...на&nbsp;астрологию как&nbsp;на&nbsp;любопытн...
  [4806] ...астрологию как&nbsp;на&nbsp;любопытнейший му...
  [4853] ...ный экспонат, первую и&nbsp;самую продолжите...
  [4950] ...ужить закономерности и&nbsp;описать регулярн...
  [4984] ...ь регулярные явления в&nbsp;природе.</p> <p>...
  [5101] ...и, большим проектом по&nbsp;анализу данных, ...
  [5139] ...нных, растянувшимся на&nbsp;века и&nbsp;захв...
  [5151] ...увшимся на&nbsp;века и&nbsp;захватившим блес...
  [5296] ...дискуссии: <i><b>Денис&nbsp;Сивков</b></i>, ...
  [5320] ...bsp;Сивков</b></i>, к.&nbsp;ф.&nbsp;н., доце...
  [5328] ...ов</b></i>, к.&nbsp;ф.&nbsp;н., доцент ИОН&n...
  [5348] ...ф.&nbsp;н., доцент ИОН&nbsp;РАНХиГС; <i><b>П...
  [5374] ...p;РАНХиГС; <i><b>Павел&nbsp;Богомолов</b></i...
  [5416] .../i>, преподаватель ИОН&nbsp;РАНХиГС; <i><b>В...
  [5446] ...НХиГС; <i><b>Владислав&nbsp;Шапошников</b></...
  [5474] ...Шапошников</b></i>, к.&nbsp;ф.&nbsp;н., доце...
  [5482] ...ов</b></i>, к.&nbsp;ф.&nbsp;н., доцент&nbsp;...
  [5498] ...bsp;ф.&nbsp;н., доцент&nbsp;МГУ; <i><b>Родио...
  [5521] ...nbsp;МГУ; <i><b>Родион&nbsp;Карнеев</b></i>,...
  [5546] ...sp;Карнеев</b></i>, к.&nbsp;ф.&nbsp;н., н.&n...
  [5554] ...ев</b></i>, к.&nbsp;ф.&nbsp;н., н.&nbsp;с. И...
  [5566] ...к.&nbsp;ф.&nbsp;н., н.&nbsp;с. ИФ&nbsp;РАН.<...
  [5577] ...nbsp;н., н.&nbsp;с. ИФ&nbsp;РАН.</p> </block...
  [5836] ...ХиГС. (расшифровку «к.&nbsp;ф.&nbsp;н.» — ка...
  [5844] ...асшифровку «к.&nbsp;ф.&nbsp;н.» — кандидат ф...
  [6234] ... МГУ. (расшифровку «к.&nbsp;ф.&nbsp;н.» уточ...
  [6242] ...асшифровку «к.&nbsp;ф.&nbsp;н.» уточнить) - ...
  [6386] ... — - 5.4.4. К.ф.н., н.&nbsp;с. ИФ РАН. (расш...
  [6419] ... РАН. (расшифровку «к.&nbsp;ф.&nbsp;н.» и «н...
  [6427] ...асшифровку «к.&nbsp;ф.&nbsp;н.» и «н.&nbsp;с...
  [6442] ...nbsp;ф.&nbsp;н.» и «н.&nbsp;с.» — научный со...
  [6796] ...ифровки сокращений «к.&nbsp;ф.&nbsp;н.», «н....
  [6804] ...сокращений «к.&nbsp;ф.&nbsp;н.», «н.&nbsp;с....
  [6818] ...&nbsp;ф.&nbsp;н.», «н.&nbsp;с.», «ИОН», «РАН...

=== ПРОВЕРКА nbsp ПОСЛЕ ДВУХБУКВЕННЫХ (должно быть 0) ===
  НАРУШЕНИЕ 4: «на&nbsp;»
  НАРУШЕНИЕ 1: «по&nbsp;»
  НАРУШЕНИЕ 5: «об&nbsp;»
  НАРУШЕНИЕ 2: «но&nbsp;»
  НАРУШЕНИЕ 2: «не&nbsp;»
  НАРУШЕНИЕ 4: «как&nbsp;»
  НАРУШЕНИЕ 1: «при&nbsp;»
  итог нарушений: 19

=== «ё» ===
ё ВСЕГО: 3
  [326] ...НЕ пересоздаётся. # Пере...
  [391] ... блока) с учётом замечан...
  [6702] ...оры НЕ включён (решение ...

=== ТИРЕ/ДЕФИС ===
— (U+2014 em-dash): 26
– (U+2013 en-dash): 8
- (ASCII hyphen): 36

=== КАВЫЧКИ ===
« : 30
» : 30
„ (лапки-откр): 0
" (ASCII): 4

=== KLBLOCK ===
KLBLOCK всего: 1
  [3691] ...рологии»</b>.</p>  <KLBLOCK eltclub_authors_about/>  <blockquote class...

=== БУКВЕННЫЕ СОКРАЩЕНИЯ ===
к.ф.н. (без nbsp): 0 ; к.&nbsp;ф.&nbsp;н. (с nbsp): 10
н.с. (без nbsp): 0 ; н.&nbsp;с. (с nbsp): 5

