=== АУДИТ ДО ПРАВКИ ===

&nbsp; ВСЕГО: 57
на&nbsp;: 0
об&nbsp;: 0
Что&nbsp;: 0
Павел&nbsp;: 0
Владислав&nbsp;: 0
Родион&nbsp;: 0
ё ВСЕГО: 0

все nbsp после слов из 2+ букв (нарушения):
  ВСЕГО: 0

к.&nbsp;ф.&nbsp;н.: 10
н.&nbsp;с.: 5
KLBLOCK: 1

=== ПРАВКИ ===

применено: убраны nbsp после слов из 2+ букв; ё -> е (если были)

=== АУДИТ ПОСЛЕ ПРАВКИ ===

&nbsp; ВСЕГО: 57
на&nbsp;: 0
об&nbsp;: 0
Что&nbsp;: 0
ё ВСЕГО: 0

нарушений nbsp после слов из 2+ букв: 0

к.&nbsp;ф.&nbsp;н.: 10
н.&nbsp;с.: 5
— (U+2014): 26
– (U+2013): 8
- (ASCII): 36
« : 30
» : 30
„ : 0
“ : 0
KLBLOCK: 1

